
--- RAW XML (first 2000 chars) ---
<?xml version="1.0" encoding="UTF-8"?><?xml-stylesheet type="text/xsl" href="https://www.accessdata.fda.gov/spl/stylesheet/spl.xsl"?>
<document xmlns="urn:hl7-org:v3" xmlns:xsi="http://www.w3.org/2001/XMLSchema-instance" xsi:schemaLocation="urn:hl7-org:v3 https://www.accessdata.fda.gov/spl/schema/spl.xsd">
   <id root="1fbe7846-28bb-487e-8dd3-1356bf82d75b"/>
   <code code="34390-5" displayName="HUMAN OTC DRUG LABEL" codeSystem="2.16.840.1.113883.6.1"/>
   <title>Drug Facts</title>
   <effectiveTime value="20250505"/>
   <setId root="42f6b92c-3d05-417e-96b2-22659364c0df"/>
   <versionNumber value="8"/>
   <author>
      <time/>
      <assignedEntity>
         <representedOrganization>
            <id extension="008965063" root="1.3.6.1.4.1.519.1"/>
            <name>Walgreens</name>
         </representedOrganization>
      </assignedEntity>
   </author>
   <component>
      <structuredBody>
         <component>
            <section>
               <id root="7bffa8d9-f329-4bf1-a5e4-af584e0b6349"/>
               <code code="48780-1" displayName="SPL listing data elements section" codeSystem="2.16.840.1.113883.6.1"/>
               <effectiveTime value="20250505"/>
               <subject>
                  <manufacturedProduct>
                     <manufacturedProduct>
                        <code code="0363-0418" codeSystem="2.16.840.1.113883.6.69"/>
                        <name>Wal-Dryl<suffix>Allergy</suffix>
                        </name>
                        <formCode code="C42953" displayName="LIQUID" codeSystem="2.16.840.1.113883.3.26.1.1"/>
                        <asEntityWithGeneric>
                           <genericMedicine>
                              <name>Diphenhydramine HCl</name>
                           </genericMedicine>
                        </asEntityWithGeneric>
                        <ingredient classCode="ACTIB">
                           <quantity>
                              <numerator unit="mg" value="25"/>
               

Root tag: {urn:hl7-org:v3}document
Root attrib: {'{http://www.w3.org/2001/XMLSchema-instance}schemaLocation': 'urn:hl7-org:v3 https://www.accessdata.fda.gov/spl/schema/spl.xsd'}

All unique tags in XML:
{urn:hl7-org:v3}subjectOf
{urn:hl7-org:v3}activeMoiety
{urn:hl7-org:v3}representedOrganization
{urn:hl7-org:v3}name
{urn:hl7-org:v3}asContent
{urn:hl7-org:v3}high
{urn:hl7-org:v3}document
{urn:hl7-org:v3}author
{urn:hl7-org:v3}list
{urn:hl7-org:v3}asEntityWithGeneric
{urn:hl7-org:v3}paragraph
{urn:hl7-org:v3}time
{urn:hl7-org:v3}code
{urn:hl7-org:v3}numerator
{urn:hl7-org:v3}content
{urn:hl7-org:v3}title
{urn:hl7-org:v3}effectiveTime
{urn:hl7-org:v3}ingredientSubstance
{urn:hl7-org:v3}setId
{urn:hl7-org:v3}renderMultiMedia
{urn:hl7-org:v3}id
{urn:hl7-org:v3}caption
{urn:hl7-org:v3}suffix
{urn:hl7-org:v3}consumedIn
{urn:hl7-org:v3}subject
{urn:hl7-org:v3}statusCode
{urn:hl7-org:v3}territorialAuthority
{urn:hl7-org:v3}observationMedia
{urn:hl7-org:v3}ingredient
{urn:hl7-org:v3}routeCode
{urn:hl7-org:v3}section
{urn:hl7-org:v3}value
{urn:hl7-org:v3}substanceAdministration
{urn:hl7-org:v3}low
{urn:hl7-org:v3}structuredBody
{urn:hl7-org:v3}assignedEntity
{urn:hl7-org:v3}approval
{urn:hl7-org:v3}component
{urn:hl7-org:v3}territory
{urn:hl7-org:v3}characteristic
{urn:hl7-org:v3}text
{urn:hl7-org:v3}manufacturedProduct
{urn:hl7-org:v3}genericMedicine
{urn:hl7-org:v3}denominator
{urn:hl7-org:v3}formCode
{urn:hl7-org:v3}item
{urn:hl7-org:v3}containerPackagedProduct
{urn:hl7-org:v3}reference
{urn:hl7-org:v3}versionNumber
{urn:hl7-org:v3}quantity
{urn:hl7-org:v3}marketingAct

All section titles in this SPL:
- Active ingredient (in each 10 mL)
- Purpose
- Uses
- Warnings
- Do not use
- Ask a doctor before use if you have
- Ask a doctor or pharmacist before use if you are
- When using this product,
- If pregnant or breast-feeding,
- Keep out of reach of children.
- Directions
- Other information
- Inactive ingredients
- Questions or comments?
- Principal Display Panel
- Package Label

All section titles and first 200 chars of text in this SPL:
- None: 
               
               
               
               
                  
                     
                        
                        Wal-DrylAllergy
                        
    
- Active ingredient (in each 10 mL): 
               
               
               Active ingredient (in each 10 mL)
               
                  Diphenhydramine HCl 25 mg
               
               
            
- Purpose: 
               
               
               Purpose
               
                  Antihistamine
               
               
            
- Uses: 
               
               
               Uses
               
                  
                     temporarily relieves these symptoms due to hay fever or other upper respiratory allergies:

- Warnings: 
               
               
               Warnings
               
               
                  
                     
                     
                     Do not use
                
- Do not use: 
                     
                     
                     Do not use
                     
                        
                           with any other drug containing diphenhydramine, e
- Ask a doctor before use if you have: 
                     
                     
                     Ask a doctor before use if you have
                     
                        
                           a breathing problem such
- Ask a doctor or pharmacist before use if you are: 
                     
                     
                     Ask a doctor or pharmacist before use if you are
                     
                        taking sedatives or tranquilizers.
    
- When using this product,: 
                     
                     
                     When using this product,
                     
                        
                           marked drowsiness may occur
       
- If pregnant or breast-feeding,: 
                     
                     
                     If pregnant or breast-feeding,
                     
                        ask a health professional before use.
                   
- Keep out of reach of children.: 
                     
                     
                     Keep out of reach of children.
                     
                        In case of overdose, get medical help or contact a Poison
- Directions: 
               
               
               Directions
               
                  
                     do not take more than 6 doses in 24 hours
                     take every 4 to 6 hour
- Other information: 
               
               
               Other information
               
                  
                     
                        each 10 mL contains: sodium 12 mg
                   
- Inactive ingredients: 
               
               
               Inactive ingredients
               
                  anhydrous citric acid, D&C red #33, FD&C red #40, flavor, glycerin, poloxamer 407, purified water
- Questions or comments?: 
               
               
               Questions or comments?
               
                  Call 1-877-753-3935 Monday-Friday 9AM-5PM EST 
                  
               
             
- Principal Display Panel: 
               
               
               Principal Display Panel
               
                  Compare to Benadryl® Allergy active ingredient††
                  Allergy
                  D
- Package Label: 
               
               
               Package Label
               
                  
                     
                        WALGREENS Allergy Relief
                      
         
No dosing info found.

--- DOSING AND ADMINISTRATION SUMMARY ---
No dosing and administration information found in log.
