
--- RAW XML (first 2000 chars) ---
<?xml version="1.0" encoding="UTF-8"?><?xml-stylesheet href="https://www.accessdata.fda.gov/spl/stylesheet/spl.xsl" type="text/xsl"?>
<document xmlns:xsi="http://www.w3.org/2001/XMLSchema-instance" xmlns="urn:hl7-org:v3" xsi:schemaLocation="urn:hl7-org:v3 https://www.accessdata.fda.gov/spl/schema/spl.xsd">
   <id root="35b8b905-9b93-2b50-e063-6294a90a3c0a"/>
   <code code="34390-5" codeSystem="2.16.840.1.113883.6.1" displayName="HUMAN OTC DRUG LABEL"/>
   <title>Benadryl Allergy Extra Strength Liqui-Gels</title>
   <effectiveTime value="20250522"/>
   <setId root="30aca3ab-b091-3939-e063-6294a90a9819"/>
   <versionNumber value="2"/>
   <author>
      <time/>
      <assignedEntity>
         <representedOrganization>
            <id root="1.3.6.1.4.1.519.1" extension="118772437"/>
            <name>Kenvue Brands LLC</name>
            <assignedEntity>
               <assignedOrganization/>
            </assignedEntity>
         </representedOrganization>
      </assignedEntity>
   </author>
   <component>
      <structuredBody>
         <component>
            <section>
               <id root="35b92d4d-6ba0-ea90-e063-6394a90afef3"/>
               <code code="48780-1" codeSystem="2.16.840.1.113883.6.1" displayName="SPL product data elements section"/>
               <effectiveTime value="20250522"/>
               <subject>
                  <manufacturedProduct>
                     <manufacturedProduct>
                        <code code="50580-322" codeSystem="2.16.840.1.113883.6.69"/>
                        <name>Benadryl Allergy Extra Strength Liqui-Gels</name>
                        <formCode code="C42954" codeSystem="2.16.840.1.113883.3.26.1.1" displayName="CAPSULE, LIQUID FILLED"/>
                        <asEntityWithGeneric>
                           <genericMedicine>
                              <name>Diphenhydramine Hydrochloride</name>
                           </genericMedicine>
                        </asEntityWithGeneric>
                       

Root tag: {urn:hl7-org:v3}document
Root attrib: {'{http://www.w3.org/2001/XMLSchema-instance}schemaLocation': 'urn:hl7-org:v3 https://www.accessdata.fda.gov/spl/schema/spl.xsd'}

All unique tags in XML:
{urn:hl7-org:v3}text
{urn:hl7-org:v3}territory
{urn:hl7-org:v3}effectiveTime
{urn:hl7-org:v3}representedOrganization
{urn:hl7-org:v3}section
{urn:hl7-org:v3}table
{urn:hl7-org:v3}content
{urn:hl7-org:v3}statusCode
{urn:hl7-org:v3}tbody
{urn:hl7-org:v3}formCode
{urn:hl7-org:v3}code
{urn:hl7-org:v3}tr
{urn:hl7-org:v3}assignedEntity
{urn:hl7-org:v3}renderMultiMedia
{urn:hl7-org:v3}observationMedia
{urn:hl7-org:v3}consumedIn
{urn:hl7-org:v3}component
{urn:hl7-org:v3}activeMoiety
{urn:hl7-org:v3}denominator
{urn:hl7-org:v3}routeCode
{urn:hl7-org:v3}sup
{urn:hl7-org:v3}asEntityWithGeneric
{urn:hl7-org:v3}originalText
{urn:hl7-org:v3}substanceAdministration
{urn:hl7-org:v3}numerator
{urn:hl7-org:v3}territorialAuthority
{urn:hl7-org:v3}marketingAct
{urn:hl7-org:v3}list
{urn:hl7-org:v3}time
{urn:hl7-org:v3}value
{urn:hl7-org:v3}setId
{urn:hl7-org:v3}ingredient
{urn:hl7-org:v3}subject
{urn:hl7-org:v3}subjectOf
{urn:hl7-org:v3}versionNumber
{urn:hl7-org:v3}reference
{urn:hl7-org:v3}manufacturedProduct
{urn:hl7-org:v3}low
{urn:hl7-org:v3}asContent
{urn:hl7-org:v3}paragraph
{urn:hl7-org:v3}assignedOrganization
{urn:hl7-org:v3}characteristic
{urn:hl7-org:v3}item
{urn:hl7-org:v3}document
{urn:hl7-org:v3}containerPackagedProduct
{urn:hl7-org:v3}quantity
{urn:hl7-org:v3}name
{urn:hl7-org:v3}author
{urn:hl7-org:v3}structuredBody
{urn:hl7-org:v3}td
{urn:hl7-org:v3}title
{urn:hl7-org:v3}approval
{urn:hl7-org:v3}id
{urn:hl7-org:v3}ingredientSubstance
{urn:hl7-org:v3}genericMedicine

All section titles in this SPL:
- Active ingredient (in each capsule)
- Purpose
- Uses
- Warnings
- Do not use
- Ask a doctor before use if you have
- Ask a doctor or pharmacist before use if you are
- When using this product
- If pregnant or breast-feeding
- Keep out of reach of children
- Directions
- Other information
- Inactive ingredients
- Questions or comments?
- PRINCIPAL DISPLAY PANEL

All section titles and first 200 chars of text in this SPL:
- None: 
               
               
               
               
                  
                     
                        
                        Benadryl Allergy Extra Strength Liqui-Gels
  
- : 
               
               
               
               
                  ​Drug Facts
               
               
            
- Active ingredient (in each capsule): 
               
               
               Active ingredient (in each capsule)
               
                  Diphenhydramine HCl 50 mg
               
               
            
- Purpose: 
               
               
               Purpose
               
                  Antihistamine
               
               
            
- Uses: 
               
               
               Uses
               
                  
                     temporarily relieves these symptoms due to hay fever or other upper respiratory allergies:

- Warnings: 
               
               
               Warnings
               
               
                  
                     
                     
                     Do not use
                
- Do not use: 
                     
                     
                     Do not use
                     
                        
                            to make a child sleepy
                         
- Ask a doctor before use if you have: 
                     
                     
                     Ask a doctor before use if you have
                     
                        
                           glaucoma
               
- Ask a doctor or pharmacist before use if you are: 
                     
                     
                     Ask a doctor or pharmacist before use if you are
                     
                        taking sedatives or tranquilizers
     
- When using this product: 
                     
                     
                     When using this product
                     
                        
                           marked drowsiness may occur
        
- If pregnant or breast-feeding: 
                     
                     
                     If pregnant or breast-feeding
                     
                        
                           If pregnant or breast-feeding,
- Keep out of reach of children: 
                     
                     
                     Keep out of reach of children
                     
                        In case of overdose, get medical help or contact a Poison 
- Directions: 
               
               
               Directions
               
                  
                     take every 4 to 6 hours, or as directed by a doctor
                     do not take 
- Other information: 
               
               
               Other information
               
                  
                     store between 20-25°C (68-77°F). Avoid high humidity and excessive heat above 
- Inactive ingredients: 
               
               
               Inactive ingredients
               
                  FD&C blue no. 1, gelatin, glycerin, polyethylene glycol, purified water, sorbitan, sorbitol
     
- Questions or comments?: 
               
               
               Questions or comments?
               
                  call 
  1-877-717-2824 (toll-free) or
   215-273-8755 (collect)
 
               
             
- PRINCIPAL DISPLAY PANEL: 
               
               
               PRINCIPAL DISPLAY PANEL
               
                  
                     NEW
                  
                  
                  NDC 50580-32
No dosing info found.

--- DOSING AND ADMINISTRATION SUMMARY ---
No dosing and administration information found in log.
